0 -> 0.000000 -> 0.250000 -> 0
2 -> 2.000000 -> 2.250000 -> 0
4 -> 4.000000 -> 4.250000 -> 1
6 -> 6.000000 -> 6.250000 -> 1
8 -> 8.000000 -> 8.250000 -> 2
10 -> 10.000000 -> 10.250000 -> 3
12 -> 12.000000 -> 12.250000 -> 3
14 -> 14.000000 -> 14.250000 -> 4
16 -> 16.000000 -> 16.250000 -> 5
18 -> 18.000000 -> 18.250000 -> 5
20 -> 20.000000 -> 20.250000 -> 6
22 -> 22.000000 -> 22.250000 -> 7
24 -> 24.000000 -> 24.250000 -> 7
26 -> 26.000000 -> 26.250000 -> 8
28 -> 28.000000 -> 28.250000 -> 9
30 -> 30.000000 -> 30.250000 -> 9
32 -> 32.000000 -> 32.250000 -> 10
34 -> 34.000000 -> 34.250000 -> 11
36 -> 36.000000 -> 36.250000 -> 11
38 -> 38.000000 -> 38.250000 -> 12
40 -> 40.000000 -> 40.250000 -> 13
42 -> 42.000000 -> 42.250000 -> 13
44 -> 44.000000 -> 44.250000 -> 14
46 -> 46.000000 -> 46.250000 -> 15
48 -> 48.000000 -> 48.250000 -> 15
50 -> 50.000000 -> 50.250000 -> 16
52 -> 52.000000 -> 52.250000 -> 17
54 -> 54.000000 -> 54.250000 -> 17
56 -> 56.000000 -> 56.250000 -> 18
58 -> 58.000000 -> 58.250000 -> 19
60 -> 60.000000 -> 60.250000 -> 19
62 -> 62.000000 -> 62.250000 -> 20
64 -> 64.000000 -> 64.250000 -> 21
66 -> 66.000000 -> 66.250000 -> 21
68 -> 68.000000 -> 68.250000 -> 22
70 -> 70.000000 -> 70.250000 -> 23
72 -> 72.000000 -> 72.250000 -> 23
74 -> 74.000000 -> 74.250000 -> 24
76 -> 76.000000 -> 76.250000 -> 25
78 -> 78.000000 -> 78.250000 -> 25
80 -> 80.000000 -> 80.250000 -> 26
82 -> 82.000000 -> 82.250000 -> 27
84 -> 84.000000 -> 84.250000 -> 27
86 -> 86.000000 -> 86.250000 -> 28
88 -> 88.000000 -> 88.250000 -> 29
90 -> 90.000000 -> 90.250000 -> 29
92 -> 92.000000 -> 92.250000 -> 30
94 -> 94.000000 -> 94.250000 -> 31
96 -> 96.000000 -> 96.250000 -> 31
98 -> 98.000000 -> 98.250000 -> 32
100 -> 100.000000 -> 100.250000 -> 33
                                        
X                                       
X                                       
X X                                     
X X                                     
X X X                                   
X X X                                   
X X X X                                 
X X X X                                 
X X X X X                               
X X X X X                               
X X X X X X                             
X X X X X X                             
X X X X X X X                           
X X X X X X X                           
X X X X X X X X                         
X X X X X X X X                         
X X X X X X X X X                       
X X X X X X X X X                       
X X X X X X X X X X                     
