Comparing files tmp.txt and FIBONACCI_TEST.C.GOLD
***** tmp.txt
***** FIBONACCI_TEST.C.GOLD
1 1 2 3 5 8 13 21 34 55 89 144 233 377 610 
1 1 2 3 5 8 13 21 34 55 89 144 233 377 610 
*****

